               total        used        free      shared  buff/cache   available
Mem:           15863         750       11969           3        3383       15112
Swap:           4096           7        4088

               total        used        free      shared  buff/cache   available
Mem:           15863         750       11969           3        3383       15112
Swap:           4096           7        4088

               total        used        free      shared  buff/cache   available
Mem:           15863         751       11968           3        3383       15111
Swap:           4096           7        4088

               total        used        free      shared  buff/cache   available
Mem:           15863         751       11968           3        3383       15111
Swap:           4096           7        4088

               total        used        free      shared  buff/cache   available
Mem:           15863         751       11968           3        3383       15111
Swap:           4096           7        4088

               total        used        free      shared  buff/cache   available
Mem:           15863         751       11968           3        3383       15112
Swap:           4096           7        4088

               total        used        free      shared  buff/cache   available
Mem:           15863         751       11968           3        3383       15112
Swap:           4096           7        4088

               total        used        free      shared  buff/cache   available
Mem:           15863         751       11968           3        3383       15112
Swap:           4096           7        4088

               total        used        free      shared  buff/cache   available
Mem:           15863         751       11968           3        3383       15112
Swap:           4096           7        4088

               total        used        free      shared  buff/cache   available
Mem:           15863         751       11968           3        3383       15112
Swap:           4096           7        4088

               total        used        free      shared  buff/cache   available
Mem:           15863         751       11968           3        3383       15112
Swap:           4096           7        4088

               total        used        free      shared  buff/cache   available
Mem:           15863         751       11968           3        3383       15112
Swap:           4096           7        4088

               total        used        free      shared  buff/cache   available
Mem:           15863         751       11968           3        3383       15112
Swap:           4096           7        4088

               total        used        free      shared  buff/cache   available
Mem:           15863         751       11968           3        3383       15112
Swap:           4096           7        4088

               total        used        free      shared  buff/cache   available
Mem:           15863         751       11968           3        3383       15112
Swap:           4096           7        4088

               total        used        free      shared  buff/cache   available
Mem:           15863         836       11879           3        3387       15026
Swap:           4096           7        4088

               total        used        free      shared  buff/cache   available
Mem:           15863         975       11739           3        3388       14888
Swap:           4096           7        4088

               total        used        free      shared  buff/cache   available
Mem:           15863        1041       11669           3        3392       14821
Swap:           4096           7        4088

               total        used        free      shared  buff/cache   available
Mem:           15863        1579       10870         493        4146       14283
Swap:           4096           7        4088

               total        used        free      shared  buff/cache   available
Mem:           15863        3697        7495        2602        7515       12165
Swap:           4096           7        4088

               total        used        free      shared  buff/cache   available
Mem:           15863        5426        4732        4321       10267       10436
Swap:           4096           7        4088

               total        used        free      shared  buff/cache   available
Mem:           15863        7213        2707        6099       12284        8650
Swap:           4096           7        4088

               total        used        free      shared  buff/cache   available
Mem:           15863        9057         858        7936       14125        6805
Swap:           4096           7        4088

               total        used        free      shared  buff/cache   available
Mem:           15863        9757         158        8275       14465        6105
Swap:           4096           7        4088

               total        used        free      shared  buff/cache   available
Mem:           15863        9788         126        8275       14466        6074
Swap:           4096           7        4088

               total        used        free      shared  buff/cache   available
Mem:           15863        9789         125        8275       14466        6073
Swap:           4096           7        4088

               total        used        free      shared  buff/cache   available
Mem:           15863        9788         126        8275       14466        6074
Swap:           4096           7        4088

               total        used        free      shared  buff/cache   available
Mem:           15863        9789         125        8275       14466        6074
Swap:           4096           7        4088

               total        used        free      shared  buff/cache   available
Mem:           15863        9789         125        8275       14466        6073
Swap:           4096           7        4088

               total        used        free      shared  buff/cache   available
Mem:           15863        9788         126        8275       14466        6074
Swap:           4096           7        4088

               total        used        free      shared  buff/cache   available
Mem:           15863        9789         125        8275       14466        6073
Swap:           4096           7        4088

               total        used        free      shared  buff/cache   available
Mem:           15863        9789         125        8275       14466        6074
Swap:           4096           7        4088

               total        used        free      shared  buff/cache   available
Mem:           15863        9789         125        8275       14466        6074
Swap:           4096           7        4088

               total        used        free      shared  buff/cache   available
Mem:           15863        9745        2949        8275       11686        6117
Swap:           4096           7        4088

               total        used        free      shared  buff/cache   available
Mem:           15863         744       11965           3        3393       15118
Swap:           4096           7        4088

               total        used        free      shared  buff/cache   available
Mem:           15863         744       11965           3        3393       15118
Swap:           4096           7        4088

               total        used        free      shared  buff/cache   available
Mem:           15863         744       11965           3        3393       15118
Swap:           4096           7        4088

               total        used        free      shared  buff/cache   available
Mem:           15863         873       11837           3        3393       14989
Swap:           4096           7        4088

               total        used        free      shared  buff/cache   available
Mem:           15863         745       11964           3        3393       15117
Swap:           4096           7        4088

               total        used        free      shared  buff/cache   available
Mem:           15863         745       11964           3        3393       15117
Swap:           4096           7        4088

               total        used        free      shared  buff/cache   available
Mem:           15863         745       11964           3        3393       15117
Swap:           4096           7        4088

               total        used        free      shared  buff/cache   available
Mem:           15863         745       11964           3        3393       15117
Swap:           4096           7        4088

               total        used        free      shared  buff/cache   available
Mem:           15863         745       11964           3        3393       15117
Swap:           4096           7        4088

               total        used        free      shared  buff/cache   available
Mem:           15863         745       11964           3        3393       15117
Swap:           4096           7        4088

               total        used        free      shared  buff/cache   available
Mem:           15863         745       11964           3        3393       15117
Swap:           4096           7        4088

               total        used        free      shared  buff/cache   available
Mem:           15863         745       11964           3        3393       15117
Swap:           4096           7        4088

               total        used        free      shared  buff/cache   available
Mem:           15863         873       11836           3        3393       14989
Swap:           4096           7        4088

               total        used        free      shared  buff/cache   available
Mem:           15863         745       11964           3        3393       15117
Swap:           4096           7        4088

               total        used        free      shared  buff/cache   available
Mem:           15863         745       11964           3        3393       15117
Swap:           4096           7        4088

               total        used        free      shared  buff/cache   available
Mem:           15863         745       11964           3        3393       15117
Swap:           4096           7        4088

               total        used        free      shared  buff/cache   available
Mem:           15863         745       11964           3        3393       15117
Swap:           4096           7        4088
