<run_flexllmgen>: args.model: facebook/opt-1.3b
model size: 2.443 GB, cache size: 0.105 GB, hidden size (prefill): 0.002 GB
init weight...
warmup - generate
benchmark - generate
  0%|          | 0/20 [00:00<?, ?it/s]  5%|▌         | 1/20 [00:00<00:12,  1.48it/s] 40%|████      | 8/20 [00:00<00:00, 13.34it/s] 90%|█████████ | 18/20 [00:00<00:00, 30.19it/s]100%|██████████| 20/20 [00:00<00:00, 22.07it/s]
/home/fly/miniconda3/envs/flexgen-lab/lib/python3.10/site-packages/torch/__init__.py:1113: FutureWarning: `torch.distributed.reduce_op` is deprecated, please use `torch.distributed.ReduceOp` instead
  return isinstance(obj, torch.Tensor)
#layers: 50
#batches prefill:  50
#batches decoding: 750
load_weight            (per-layer): 0.011761 s
load_cache_prefill     (per-batch): 0.000007 s
store_cache_prefill    (per-batch): 0.000074 s
compute_layer_prefill  (per-batch): 0.000890 s
load_cache_decoding    (per-batch): 0.000038 s
store_cache_decoding   (per-batch): 0.000056 s
compute_layer_decoding (per-batch): 0.001216 s
Outputs:
----------------------------------------------------------------------
0: Paris is the capital city of France
----------------------------------------------------------------------
3: Paris is the capital city of France
----------------------------------------------------------------------

TorchDevice: cuda:0
  cur_mem: 0.0080 GB,  peak_mem: 0.5387 GB
TorchDevice: cpu
  cur_mem: 0.0000 GB,  peak_mem: 0.0000 GB
model size: 2.443 GB	cache size: 0.105 GB	hidden size (p): 0.002 GB
peak gpu mem: 0.539 GB	projected: True
prefill latency: 0.639 s	prefill throughput: 801.577 token/s
decode latency: 7.859 s	decode throughput: 7.635 token/s
total latency: 8.498 s	total throughput: 7.531 token/s
